~*~*~*~*~*~*~*~*~*~*~*~*~*~*~*~*~*~*~*~*
Welcome to the calculator!
For more information press H
~*~*~*~*~*~*~*~*~*~*~*~*~*~*~*~*~*~*~*~*
Enter an operator: Please, enter exactly 2 numbers!
Enter an operator: Unknown operator.
Enter an operator: Please, enter exactly 1 operator!
Enter an operator: Please, enter exactly 2 numbers!
Enter an operator: Please, enter exactly 2 numbers!
Enter an operator: Thank you! Good day!